2026-05-21 09:59:16,394 - Processing request of type ListPromptsRequest
2026-05-21 09:59:16,394 - Processing request of type ListToolsRequest
2026-05-21 09:59:39,369 - Unity connected with SID: gC4WvITJhxbkYlcaAAAC
2026-05-21 09:59:58,710 - Processing request of type CallToolRequest
2026-05-21 10:01:32,747 - Processing request of type CallToolRequest
2026-05-21 10:01:43,690 - Unity disconnected with SID: gC4WvITJhxbkYlcaAAAC
2026-05-21 10:03:51,329 - Processing request of type ListPromptsRequest
2026-05-21 10:03:51,333 - Processing request of type ListToolsRequest
2026-05-21 10:04:16,254 - Unity connected with SID: _e_w9Fhv0ap9ceEvAAAC
2026-05-21 10:04:31,257 - Processing request of type CallToolRequest
2026-05-21 10:10:59,454 - Processing request of type ListPromptsRequest
2026-05-21 10:10:59,454 - Processing request of type ListToolsRequest
2026-05-21 10:11:10,268 - Unity connected with SID: j_fUtv7VfQpRUQX5AAAC
2026-05-21 10:11:38,848 - Processing request of type CallToolRequest
2026-05-21 10:11:45,321 - Unity disconnected with SID: j_fUtv7VfQpRUQX5AAAC
2026-05-21 10:13:22,261 - Unity connected with SID: YaBFEL2muPR7aYERAAAF
2026-05-21 10:13:32,336 - Processing request of type CallToolRequest
2026-05-21 10:16:21,029 - Processing request of type ListPromptsRequest
2026-05-21 10:16:21,031 - Processing request of type ListToolsRequest
2026-05-21 10:16:33,492 - Unity connected with SID: _VLqYLIc1rL5MLFmAAAC
2026-05-21 10:16:41,479 - Processing request of type CallToolRequest
2026-05-21 10:17:04,085 - Processing request of type CallToolRequest
2026-05-21 10:17:30,035 - Processing request of type CallToolRequest
2026-05-21 10:17:37,254 - Unity disconnected with SID: _VLqYLIc1rL5MLFmAAAC
2026-05-21 10:19:37,062 - Processing request of type ListPromptsRequest
2026-05-21 10:19:37,063 - Processing request of type ListToolsRequest
2026-05-21 10:19:47,090 - Unity connected with SID: uDEmi-Qwz9fpRo3XAAAC
2026-05-21 10:20:00,004 - Processing request of type CallToolRequest
2026-05-21 10:20:25,750 - Unity disconnected with SID: uDEmi-Qwz9fpRo3XAAAC
2026-05-21 10:53:36,144 - Processing request of type ListPromptsRequest
2026-05-21 10:53:36,145 - Processing request of type ListToolsRequest
2026-05-21 10:57:32,180 - Unity connected with SID: wJSTX7eslqrfCKK7AAAC
2026-05-21 10:57:46,286 - Processing request of type CallToolRequest
2026-05-21 10:58:39,263 - Processing request of type CallToolRequest
2026-05-21 10:58:52,607 - Processing request of type CallToolRequest
2026-05-21 10:59:27,174 - Unity disconnected with SID: wJSTX7eslqrfCKK7AAAC
2026-05-21 11:01:59,966 - Unity connected with SID: lKIOT-Va948_vDmAAAAF
2026-05-21 11:02:15,516 - Unity disconnected with SID: lKIOT-Va948_vDmAAAAF
2026-05-21 11:03:08,766 - Unity connected with SID: QbgjPHERGHDFPxw-AAAI
2026-05-21 11:03:42,270 - Processing request of type CallToolRequest
2026-05-21 11:03:58,082 - Processing request of type CallToolRequest
2026-05-21 11:04:24,689 - Unity disconnected with SID: QbgjPHERGHDFPxw-AAAI
2026-05-21 11:06:01,999 - Unity connected with SID: DcEFIFesSjn2PN4CAAAL
2026-05-21 11:06:43,372 - Processing request of type CallToolRequest
2026-05-21 11:06:48,451 - Unity disconnected with SID: DcEFIFesSjn2PN4CAAAL
2026-05-21 11:10:03,784 - Processing request of type ListPromptsRequest
2026-05-21 11:10:03,785 - Processing request of type ListToolsRequest
2026-05-21 11:10:55,298 - Unity connected with SID: qZvJJTvwSwtNX0UUAAAC
2026-05-21 11:11:18,318 - Processing request of type CallToolRequest
2026-05-21 11:11:48,232 - Processing request of type CallToolRequest
2026-05-21 11:12:45,836 - Processing request of type CallToolRequest
2026-05-21 11:13:35,029 - Processing request of type CallToolRequest
2026-05-21 11:14:30,403 - Processing request of type CallToolRequest
2026-05-21 11:14:48,729 - Unity disconnected with SID: qZvJJTvwSwtNX0UUAAAC
2026-05-21 11:18:32,021 - Processing request of type ListPromptsRequest
2026-05-21 11:18:32,024 - Processing request of type ListToolsRequest
2026-05-21 11:18:55,635 - Processing request of type CallToolRequest
2026-05-21 11:19:21,231 - Unity connected with SID: 1rcqqLrQGhvb8hL7AAAC
2026-05-21 11:19:54,087 - Processing request of type CallToolRequest
2026-05-21 11:20:19,292 - Processing request of type CallToolRequest
2026-05-21 11:23:26,951 - Processing request of type CallToolRequest
2026-05-21 11:24:06,010 - Processing request of type CallToolRequest
2026-05-21 11:25:22,501 - Processing request of type CallToolRequest
2026-05-21 11:26:07,252 - Processing request of type CallToolRequest
2026-05-21 11:28:35,995 - Processing request of type CallToolRequest
2026-05-21 11:29:00,084 - Processing request of type CallToolRequest
2026-05-21 11:29:25,606 - Unity disconnected with SID: 1rcqqLrQGhvb8hL7AAAC
2026-05-21 11:50:44,095 - Processing request of type ListPromptsRequest
2026-05-21 11:50:44,097 - Processing request of type ListToolsRequest
2026-05-21 11:51:15,467 - Processing request of type ListPromptsRequest
2026-05-21 11:51:15,470 - Processing request of type ListToolsRequest
2026-05-21 11:51:50,476 - Processing request of type CallToolRequest
2026-05-21 14:56:58,639 - Processing request of type ListPromptsRequest
2026-05-21 14:56:58,639 - Processing request of type ListToolsRequest
2026-05-21 14:58:10,567 - Processing request of type CallToolRequest
2026-05-21 14:58:13,545 - Processing request of type CallToolRequest
2026-05-21 14:58:35,104 - Unity connected with SID: qhjffJb07PHMpvNOAAAC
2026-05-21 14:58:58,703 - Processing request of type CallToolRequest
2026-05-21 14:59:01,820 - Processing request of type CallToolRequest
2026-05-21 14:59:28,301 - Processing request of type CallToolRequest
2026-05-21 14:59:44,018 - Processing request of type CallToolRequest
2026-05-21 14:59:46,031 - Processing request of type CallToolRequest
2026-05-21 15:00:13,955 - Processing request of type CallToolRequest
2026-05-21 15:00:44,221 - Processing request of type CallToolRequest
2026-05-21 15:01:07,876 - Processing request of type CallToolRequest
2026-05-21 15:01:35,516 - Unity disconnected with SID: qhjffJb07PHMpvNOAAAC
2026-05-21 15:02:00,963 - Processing request of type CallToolRequest
2026-05-21 15:02:00,966 - Processing request of type CallToolRequest
2026-05-21 15:02:11,988 - Unity connected with SID: x9wkNyF7_DC5q476AAAF
2026-05-21 15:02:41,094 - Processing request of type CallToolRequest
2026-05-21 15:03:27,210 - Processing request of type CallToolRequest
2026-05-21 15:04:19,008 - Processing request of type CallToolRequest
2026-05-21 15:05:06,046 - Processing request of type CallToolRequest
2026-05-21 15:05:27,058 - Unity disconnected with SID: x9wkNyF7_DC5q476AAAF
2026-05-26 12:44:56,037 - Processing request of type ListPromptsRequest
2026-05-26 12:44:56,037 - Processing request of type ListToolsRequest
2026-05-26 12:44:57,745 - Processing request of type ListPromptsRequest
2026-05-26 12:44:57,745 - Processing request of type ListToolsRequest
2026-05-26 12:45:58,892 - Processing request of type CallToolRequest
2026-05-26 12:46:33,252 - Unity connected with SID: gGdHS8h6elliv8MZAAAC
2026-05-26 12:47:01,694 - Processing request of type CallToolRequest
2026-05-26 12:47:30,668 - Processing request of type CallToolRequest
2026-05-26 12:47:53,644 - Processing request of type CallToolRequest
2026-05-26 12:47:58,701 - Processing request of type CallToolRequest
2026-05-26 12:48:20,001 - Processing request of type CallToolRequest
2026-05-26 12:48:54,327 - Processing request of type CallToolRequest
2026-05-26 12:48:56,125 - Processing request of type CallToolRequest
2026-05-26 12:49:07,655 - Processing request of type CallToolRequest
2026-05-26 12:49:26,202 - Processing request of type CallToolRequest
2026-05-26 12:49:55,556 - Unity disconnected with SID: gGdHS8h6elliv8MZAAAC
2026-05-26 12:54:23,779 - Unity connected with SID: MIQZBvzKoqaFZEKuAAAF
2026-05-26 12:56:28,048 - Unity disconnected with SID: MIQZBvzKoqaFZEKuAAAF
2026-05-26 12:57:41,864 - Unity connected with SID: OghggOoukEqyiNl8AAAI
2026-05-26 12:58:49,434 - Unity disconnected with SID: OghggOoukEqyiNl8AAAI
2026-05-26 12:59:59,144 - Unity connected with SID: TljjZjkwrVfLd75UAAAL
2026-05-26 13:00:15,542 - Unity disconnected with SID: TljjZjkwrVfLd75UAAAL
2026-05-26 13:02:13,972 - Unity connected with SID: RrEvdudcf3QGi7L2AAAO
2026-05-26 13:04:09,712 - Unity disconnected with SID: RrEvdudcf3QGi7L2AAAO
2026-05-26 13:11:18,508 - Unity connected with SID: vOQsSprfk24lr-H6AAAR
2026-05-26 13:11:39,811 - Unity disconnected with SID: vOQsSprfk24lr-H6AAAR
2026-05-26 13:12:26,977 - Unity connected with SID: HFAJ7Ew6voa5Jx1SAAAU
2026-05-26 13:13:08,779 - Unity disconnected with SID: HFAJ7Ew6voa5Jx1SAAAU
2026-05-26 13:13:44,956 - Unity connected with SID: ga_tYNgCN2JwNX1xAAAX
2026-05-26 13:14:40,548 - Unity disconnected with SID: ga_tYNgCN2JwNX1xAAAX
2026-05-26 13:15:15,772 - Unity connected with SID: _TEO1C4kz60BbTBmAAAa
2026-05-26 13:17:57,329 - Unity disconnected with SID: _TEO1C4kz60BbTBmAAAa
2026-05-26 13:18:30,492 - Unity connected with SID: P7xO5VrSzUQnK76dAAAd
2026-05-26 13:19:03,024 - Unity disconnected with SID: P7xO5VrSzUQnK76dAAAd
2026-05-26 13:20:38,253 - Unity connected with SID: vb7SCxPM5-8ghr9KAAAg
2026-05-26 13:20:58,451 - Processing request of type CallToolRequest
2026-05-26 13:21:02,894 - Processing request of type CallToolRequest
2026-05-26 13:21:26,856 - Processing request of type CallToolRequest
2026-05-26 13:21:41,137 - Processing request of type CallToolRequest
2026-05-26 13:22:48,127 - Processing request of type CallToolRequest
2026-05-26 13:23:20,695 - Processing request of type CallToolRequest
2026-05-26 13:23:47,945 - Unity disconnected with SID: vb7SCxPM5-8ghr9KAAAg
2026-05-26 13:24:20,333 - Processing request of type CallToolRequest
2026-05-26 13:24:27,828 - Unity connected with SID: -Khp1G5ltgnxZLZuAAAj
2026-05-26 13:25:10,537 - Processing request of type CallToolRequest
2026-05-26 13:25:26,241 - Processing request of type CallToolRequest
2026-05-26 13:25:55,878 - Processing request of type CallToolRequest
2026-05-26 13:26:38,535 - Unity disconnected with SID: -Khp1G5ltgnxZLZuAAAj
2026-05-26 13:30:34,199 - Unity connected with SID: 0sYl72z6FGnIlC9fAAAm
2026-05-26 13:30:50,395 - Unity disconnected with SID: 0sYl72z6FGnIlC9fAAAm
2026-05-26 13:32:16,111 - Unity connected with SID: -yjeJZn413BMTrmTAAAp
2026-05-26 13:35:23,210 - Unity disconnected with SID: -yjeJZn413BMTrmTAAAp
2026-05-26 13:58:15,810 - Unity connected with SID: uPldAxMnpY1FLylAAAAs
2026-05-26 13:59:35,836 - Unity disconnected with SID: uPldAxMnpY1FLylAAAAs
2026-05-26 14:34:57,070 - Unity connected with SID: dOvCIn50S_pBXjOsAAAv
2026-05-26 14:36:35,137 - Unity disconnected with SID: dOvCIn50S_pBXjOsAAAv
